
> aszuneai@1.8.0 test
> jest __tests__/unit/index.test.js --no-coverage

npm : FAIL __tests__/unit/index.test.js
At line:1 char:1
+ npm test -- __tests__/unit/index.test.js --no-coverage 2>&1 > test_ou ...
+ ~~~~~~~~~~~~~~~~~~~~~~~~~~~~~~~~~~~~~~~~~~~~~~~~~~~~~~~~~~~~~~~~~~~~~
    + CategoryInfo          : NotSpecified: (FAIL __tests__/unit/index.test.js:String) [], RemoteException
    + FullyQualifiedErrorId : NativeCommandError
 
  Bot Main Entry Point (index.js)
    ÔêÜ should create a Discord client and log in (306 ms)
    Graceful Shutdown
      ÔêÜ should register handler for SIGINT signal (9 ms)
      ÔêÜ should register handler for SIGTERM signal (7 ms)
      ÔêÜ should register handler for uncaughtException (7 ms)
      ÔêÜ should call shutdown when uncaught exception occurs (8 ms)
      ÔêÜ should log an error and exit if shutdown fails (498 ms)
      ÔêÜ should register handler for unhandled promise rejections (10 ms)
    Boot Optimizations
      ÔêÜ should initialize license validation when enabled (177 ms)
      ÔêÜ should skip license validation when disabled (151 ms)
      ÔêÜ should initialize license server when enabled (145 ms)
      ÔêÜ should handle Pi optimizations initialization (132 ms)
      ÔêÜ should handle Pi optimizations initialization failure gracefully (136 ms)
    Reminder Service Initialization
      ├ù should initialize reminder service on ready event (7 ms)
      ├ù should handle reminder service initialization failure (8 ms)
    Pi Optimizations in Production
      Ôùï skipped should initialize Pi optimizations in production mode
      Ôùï skipped should handle Pi optimizations initialization failure in production

  ÔùÅ Bot Main Entry Point (index.js) ÔÇ║ Reminder Service Initialization ÔÇ║ should initialize reminder service on ready event

    expect(jest.fn()).toHaveBeenCalled()

    Expected number of calls: >= 1
    Received number of calls:    0

    [0m [90m 508 |[39m       }
     [90m 509 |[39m
    [31m[1m>[22m[39m[90m 510 |[39m       expect(reminderServiceMock[33m.[39minitialize)[33m.[39mtoHaveBeenCalled()[33m;[39m
     [90m     |[39m                                              [31m[1m^[22m[39m
     [90m 511 |[39m       expect(loggerMock[33m.[39minfo)[33m.[39mtoHaveBeenCalledWith([32m'Reminder service initialized'[39m)[33m;[39m
     [90m 512 |[39m     })[33m;[39m
     [90m 513 |[39m[0m

      at Object.toHaveBeenCalled (__tests__/unit/index.test.js:510:46)

  ÔùÅ Bot Main Entry Point (index.js) ÔÇ║ Reminder Service Initialization ÔÇ║ should handle reminder service initialization failure

    expect(jest.fn()).toHaveBeenCalled()

    Expected number of calls: >= 1
    Received number of calls:    0

    [0m [90m 522 |[39m       }
     [90m 523 |[39m
    [31m[1m>[22m[39m[90m 524 |[39m       expect(reminderServiceMock[33m.[39minitialize)[33m.[39mtoHaveBeenCalled()[33m;[39m
     [90m     |[39m                                              [31m[1m^[22m[39m
     [90m 525 |[39m       expect(loggerMock[33m.[39merror)[33m.[39mtoHaveBeenCalledWith(
     [90m 526 |[39m         [32m'Failed to initialize reminder service:'[39m[33m,[39m
     [90m 527 |[39m         expect[33m.[39many([33mError[39m)[0m

      at Object.toHaveBeenCalled (__tests__/unit/index.test.js:524:46)

Test Suites: 1 failed, 1 total
Tests:       2 failed, 2 skipped, 12 passed, 16 total
Snapshots:   0 total
Time:        2.148 s, estimated 4 s
Ran all test suites matching /__tests__\\unit\\index.test.js/i.
Force exiting Jest: Have you considered using `--detectOpenHandles` to detect async operations that kept running after all tests finished?
